---
source: crates/rolldown_testing/src/integration_test.rs
expression: snapshot
input_file: crates/rolldown/tests/fixtures/tree_shaking/external-export-star1
---
# Assets

## main.mjs

```js


export * from "fs"


//#region main.js
export * from "fs";

//#endregion
```
