---
source: crates/rolldown_testing/src/integration_test.rs
expression: snapshot
input_file: crates/rolldown/tests/esbuild/import_star/re_export_star_external_es6
---
# Assets

## entry_js.mjs

```js
import "foo";


export * from "foo"


//#region entry.js
export * from "foo";

//#endregion
```
